../Core/Src/main.c:87:6:cb_init	24	static
../Core/Src/main.c:102:6:cb_free	16	static
../Core/Src/main.c:107:6:cb_push_back	16	static
../Core/Src/main.c:121:6:cb_pop_front	16	static
../Core/Src/main.c:151:5:_write	32	static
../Core/Src/main.c:165:6:setPulseFromDutyValue	32	static
../Core/Src/main.c:184:8:getSpeedByDelta	16	static
../Core/Src/main.c:188:8:getTicksDelta	32	static
../Core/Src/main.c:227:8:sign	16	static
../Core/Src/main.c:235:8:getPositionByDelta	40	static
../Core/Src/main.c:250:5:main	168	static
../Core/Src/main.c:326:6:SystemClock_Config	88	static
../Core/Src/main.c:373:13:MX_ADC1_Init	24	static
../Core/Src/main.c:425:13:MX_TIM1_Init	56	static
../Core/Src/main.c:475:13:MX_TIM3_Init	64	static
../Core/Src/main.c:538:13:MX_TIM4_Init	32	static
../Core/Src/main.c:583:13:MX_USART2_UART_Init	8	static
../Core/Src/main.c:616:13:MX_GPIO_Init	40	static
../Core/Src/main.c:643:6:HAL_TIM_PeriodElapsedCallback	152	static
../Core/Src/main.c:709:6:Error_Handler	4	static,ignoring_inline_asm
