../Core/Src/main.c:85:6:cb_init	24	static
../Core/Src/main.c:100:6:cb_free	16	static
../Core/Src/main.c:105:6:cb_push_back	16	static
../Core/Src/main.c:119:6:cb_pop_front	16	static
../Core/Src/main.c:148:5:_write	32	static
../Core/Src/main.c:162:6:setPulseFromDutyValue	32	static
../Core/Src/main.c:181:8:getSpeedByDelta	16	static
../Core/Src/main.c:185:8:getTicksDelta	32	static
../Core/Src/main.c:328:8:sign	16	static
../Core/Src/main.c:336:8:getPositionByDelta	40	static
../Core/Src/main.c:351:5:main	160	static
../Core/Src/main.c:420:6:SystemClock_Config	88	static
../Core/Src/main.c:462:13:MX_TIM1_Init	56	static
../Core/Src/main.c:510:13:MX_TIM3_Init	64	static
../Core/Src/main.c:569:13:MX_TIM4_Init	32	static
../Core/Src/main.c:611:13:MX_USART2_UART_Init	8	static
../Core/Src/main.c:642:13:MX_GPIO_Init	40	static
../Core/Src/main.c:662:9:get_x_hat	168	static
../Core/Src/main.c:688:6:HAL_TIM_PeriodElapsedCallback	144	static
../Core/Src/main.c:744:6:Error_Handler	4	static,ignoring_inline_asm
