main.c:85:6:cb_init	24	static
main.c:100:6:cb_free	16	static
main.c:105:6:cb_push_back	16	static
main.c:119:6:cb_pop_front	16	static
main.c:145:5:_write	32	static
main.c:159:6:setPulseFromDutyValue	32	static
main.c:178:8:getSpeedByDelta	32	static
main.c:182:8:getTicksDelta	48	static
main.c:216:5:main	80	static
main.c:283:6:SystemClock_Config	88	static
main.c:325:13:MX_TIM1_Init	56	static
main.c:373:13:MX_TIM3_Init	64	static
main.c:432:13:MX_TIM4_Init	32	static
main.c:474:13:MX_USART2_UART_Init	8	static
main.c:505:13:MX_GPIO_Init	40	static
main.c:525:6:HAL_TIM_PeriodElapsedCallback	80	static
main.c:568:6:Error_Handler	4	static,ignoring_inline_asm
