../Core/Src/main.c:85:6:cb_init	24	static
../Core/Src/main.c:100:6:cb_free	16	static
../Core/Src/main.c:105:6:cb_push_back	16	static
../Core/Src/main.c:119:6:cb_pop_front	16	static
../Core/Src/main.c:148:5:_write	32	static
../Core/Src/main.c:162:6:setPulseFromDutyValue	32	static
../Core/Src/main.c:181:8:getSpeedByDelta	16	static
../Core/Src/main.c:185:8:getTicksDelta	32	static
../Core/Src/main.c:331:8:sign	16	static
../Core/Src/main.c:339:8:getPositionByDelta	24	static
../Core/Src/main.c:353:5:main	136	static
../Core/Src/main.c:421:6:SystemClock_Config	88	static
../Core/Src/main.c:463:13:MX_TIM1_Init	56	static
../Core/Src/main.c:511:13:MX_TIM3_Init	64	static
../Core/Src/main.c:570:13:MX_TIM4_Init	32	static
../Core/Src/main.c:612:13:MX_USART2_UART_Init	8	static
../Core/Src/main.c:643:13:MX_GPIO_Init	40	static
../Core/Src/main.c:663:9:get_x_hat	168	static
../Core/Src/main.c:689:6:HAL_TIM_PeriodElapsedCallback	160	static
../Core/Src/main.c:768:6:Error_Handler	4	static,ignoring_inline_asm
